*----------------------------------------------------------------------------------------
*	Innovus 19.17-s077_1 (64bit) 12/01/2020 11:09 (Linux 2.6.32-431.11.2.el6.x86_64)
*	
*
* 	Date & Time:	2022-Mar-07 09:03:23 (2022-Mar-07 17:03:23 GMT)
*
*----------------------------------------------------------------------------------------
*
*	Design: fullchip
*
*	Liberty Libraries used: 
*	        WC_VIEW: /home/linux/ieng6/ee260bwi22/public/PDKdata/lib/tcbn65gpluswc.lib
*
*	Power Domain used: 
*
*       Power View : WC_VIEW
*
*       User-Defined Activity : N.A.
*
*       Activity File: N.A.
*
*       Hierarchical Global Activity: N.A.
*
*       Global Activity: N.A.
*
*       Sequential Element Activity: 0.200000
*
*       Primary Input Activity: 0.200000
*
*       Default icg ratio: N.A.
*
*       Global Comb ClockGate Ratio: N.A.
*
*	Power Units = 1mW
*
*	Time Units = 1e-09 secs 
*
*       report_power -outfile fullchip.post_route.power.rpt
*
-----------------------------------------------------------------------------------------


Total Power 
-----------------------------------------------------------------------------------------
Total Internal Power:      185.61510504 	   65.0319%
Total Switching Power:      97.25647391 	   34.0747%
Total Leakage Power:         2.55014620 	    0.8935%
Total Power:               285.42172450 
-----------------------------------------------------------------------------------------


Group                           Internal   Switching     Leakage       Total  Percentage 
                                Power      Power         Power         Power  (%)        
-----------------------------------------------------------------------------------------
Sequential                         106.9       4.334      0.7747       112.1       39.26 
Macro                                  0           0           0           0           0 
IO                                     0           0           0           0           0 
Combinational                      71.84       76.43       1.728         150       52.55 
Clock (Combinational)              6.835       16.49     0.04713       23.37       8.189 
Clock (Sequential)                     0           0           0           0           0 
-----------------------------------------------------------------------------------------
Total                              185.6       97.26        2.55       285.4         100 
-----------------------------------------------------------------------------------------


Rail                  Voltage   Internal   Switching     Leakage       Total  Percentage 
                                Power      Power         Power         Power  (%)        
-----------------------------------------------------------------------------------------
Default                   0.9      185.6       97.26        2.55       285.4         100 


Clock                           Internal   Switching     Leakage       Total  Percentage 
                                Power      Power         Power         Power  (%)        
-----------------------------------------------------------------------------------------
clk                                6.835       16.49     0.04713       23.37       8.189 
-----------------------------------------------------------------------------------------
Total (excluding duplicates)       6.835       16.49     0.04713       23.37       8.189 
-----------------------------------------------------------------------------------------
Clock: clk
Clock Period: 0.001000 usec 
Clock Toggle Rate:  2000.0000 Mhz 
Clock Static Probability:  0.5000



-----------------------------------------------------------------------------------------
*	Power Distribution Summary: 
*                Highest Average Power:       CTS_ccl_a_buf_00390 (CKBD16):           0.1679 
*                Highest Leakage Power: DP_OP_1329J1_123_8403_U180 (CMPE42D2):        0.0002648 
*          Total Cap:      4.45921e-10 F
*          Total instances in design: 60487
*          Total instances in design with no power:     0
*          Total instances in design with no activity:     0
*          Total Fillers and Decap:     0
-----------------------------------------------------------------------------------------

